TAP version 13
# Subtest: browser store: put / get / delete / query / subscribe
ok 1 - browser store: put / get / delete / query / subscribe
  ---
  duration_ms: 2.095328
  ...
# Subtest: browser store: in-memory driver round-trips via reload
ok 2 - browser store: in-memory driver round-trips via reload
  ---
  duration_ms: 1.24585
  ...
# Subtest: browser store: localStorage driver persists snapshots
ok 3 - browser store: localStorage driver persists snapshots
  ---
  duration_ms: 0.365236
  ...
# Subtest: browser store: doublets-web driver indexes snapshots as triples
ok 4 - browser store: doublets-web driver indexes snapshots as triples
  ---
  duration_ms: 0.838352
  ...
# Subtest: browser store: indexedDB driver works against a minimal IDB shim
ok 5 - browser store: indexedDB driver works against a minimal IDB shim
  ---
  duration_ms: 18.662392
  ...
# Subtest: browser store: indexedDB driver attaches transaction completion before writes
ok 6 - browser store: indexedDB driver attaches transaction completion before writes
  ---
  duration_ms: 2.69267
  ...
1..6
# tests 6
# suites 0
# pass 6
# fail 0
# cancelled 0
# skipped 0
# todo 0
# duration_ms 85.342943
